not counting to -3
They say that -3 is an interesting number.
counting to 5: 1 2 3 4 5
They say that 5 is an interesting number.
