not counting to -3
What do you find interesting about -3?
counting to 5: 1 2 3 4 5
What do you find interesting about 5?
