not counting backwards from -12
counting backwards from 8: 8 7 6 5 4 3 2 1
