raw potato
baked potato
In junit setup
In junit cleanup with fried potato and roasted potato
In junit setup
In junit cleanup with fried potato and roasted potato
In junit setup
In junit cleanup with fried potato and roasted potato
JUnit tests passed
